     1 00000000                                 ; hello-os
     2 00000000                                 ; TAB=4
     3 00000000                                 ; 添加读磁盘试错部分
     4 00000000                                 ; 添加读到18柱面
     5 00000000                                 ; 添加读到10柱面
     6  = 0000000A                              		CYLS	EQU		10	
     7                                          		ORG		0x7c00			; 让程序装载到 0x7c00位置 orginal
     8 00007C00                                                                 ; 0x00007c00-0x00007dff ：启动区内容的装载地址
     9 00007C00                                 
    10 00007C00                                 ; 以下的记述用于标准FAT12格式的软盘
    11 00007C00                                 
    12 00007C00 EB 4E                           		JMP		entry
    13 00007C02 90                              		DB		0x90
    14 00007C03 48 45 4C 4C 4F 49 50 4C         		DB		"HELLOIPL"		; 启动区的名称
    15 00007C0B 0200                            		DW		512				; 每个扇区的大小
    16 00007C0D 01                              		DB		1				; cluster的大小（必须为一个扇区）
    17 00007C0E 0001                            		DW		1				; fat的起始位置 一般从第一个扇区开始
    18 00007C10 02                              		DB		2				; fat的个数 必须为2
    19 00007C11 00E0                            		DW		224				; 根目录的大小 一般224项
    20 00007C13 0B40                            		DW		2880			; 该磁盘的大小 必须是2880扇区
    21 00007C15 F0                              		DB		0xf0			; 磁盘的种类 必须是0xf0
    22 00007C16 0009                            		DW		9				; fat的长度 必须是9扇区
    23 00007C18 0012                            		DW		18				; 一个磁道（track）有几个扇区 必须是18
    24 00007C1A 0002                            		DW		2				; 磁头数 必须是2
    25 00007C1C 00000000                        		DD		0				; 不使用分区 必须是0
    26 00007C20 00000B40                        		DD		2880			; 重写一次磁盘大小
    27 00007C24 00 00 29                        		DB		0,0,0x29		; 固定
    28 00007C27 FFFFFFFF                        		DD		0xffffffff		; 卷标号码
    29 00007C2B 48 45 4C 4C 4F 2D 4F 53 20 20   		DB		"HELLO-OS   "	; 磁盘的名称 11B
       00007C35 20 
    30 00007C36 46 41 54 31 32 20 20 20         		DB		"FAT12   "		; 磁盘格式名称 8B
    31 00007C3E 00 00 00 00 00 00 00 00 00 00   		RESB	18				; 空出18B
       00007C48 00 00 00 00 00 00 00 00 
    32 00007C50                                 
    33 00007C50                                 ; 程序本体
    34 00007C50                                 
    35 00007C50                                 entry:
    36 00007C50 B8 0000                         		MOV		AX,0			; 初始化ax
    37 00007C53 8E D0                           		MOV		SS,AX
    38 00007C55 BC 7C00                         		MOV		SP,0x7c00
    39 00007C58 8E D8                           		MOV		DS,AX
    40 00007C5A                                 
    41 00007C5A                                 ; 读软盘
    42 00007C5A                                 
    43 00007C5A B8 0820                         		MOV		AX,0x0820
    44 00007C5D 8E C0                           		MOV		ES,AX
    45 00007C5F B5 00                           		MOV		CH,0			; 柱面 0
    46 00007C61 B6 00                           		MOV		DH,0			; 磁头 0
    47 00007C63 B1 02                           		MOV		CL,2			; 扇区 2
    48 00007C65                                 readloop:
    49 00007C65 BE 0000                                 mov     si,0            ;记录错误的次数
    50 00007C68                                 retry:
    51 00007C68 B4 02                           		MOV		AH,0x02			; AH=0x02 读盘
    52 00007C6A B0 01                           		MOV		AL,1			; 1个扇区
    53 00007C6C BB 0000                         		MOV		BX,0
    54 00007C6F B2 00                           		MOV		DL,0x00			; A驱动器
    55 00007C71 CD 13                           		INT		0x13			; 调用磁盘BIOS 如果成功的话 读入的内容会放到 ES:BX里
    56 00007C73 73 0D                                   jnc     next             ; 没有错误的话 直接走next
    57 00007C75                                                                 ; 有错误的话 会走到这里
    58 00007C75                                         int     si,1
      >> [ERROR #002] parameter error.
    59 00007C75 83 FE 05                                cmp     si,5 
    60 00007C78 74 2B                                   je      error
    61 00007C7A                                         
    62 00007C7A B4 00                                   mov     ah,0h 
    63 00007C7C B2 00                                   mov     dl,0h
    64 00007C7E CD 13                                   int     13h             ;这里是 系统复位 功能：复位软盘状态
    65 00007C80 EB E6                                   jmp     retry           ;他这里没有初始化si吧 是个bug
    66 00007C82                                 
    67 00007C82                                 next:
    68 00007C82 8C C0                           		mov ax,es
    69 00007C84 05 0020                         		add ax,20h
    70 00007C87 8E C0                           		mov es,ax 				;因为没法add es,20h
    71 00007C89 80 C1 01                        		add cl,1
    72 00007C8C 80 F9 12                        		cmp cl,18
    73 00007C8F 76 D4                           		jbe readloop
    74 00007C91 B1 01                           		mov cl,1
    75 00007C93 80 C6 01                        		add dh,1
    76 00007C96 80 FE 02                        		cmp dh,2
    77 00007C99 72 CA                           		jb readloop
    78 00007C9B B6 00                           		mov dh,0
    79 00007C9D 80 C5 01                        		add ch,1
    80 00007CA0                                 		cmp ch 
      >> [ERROR #002] parameter error.
    81 00007CA0 72 C3                           		jb readloop
    82 00007CA2                                 
    83 00007CA2                                 		;装载了 10 * 2 * 18 *512 =180KB
    84 00007CA2                                 		
    85 00007CA2 E9 835B                         		jmp c200h				;c200这里保存着 haribote.nas的文件内容
      >> [ERROR #012] expression error.
    86 00007CA5                                 
    87 00007CA5                                 error:
    88 00007CA5 BE 7CBC                         		MOV		SI,msg
    89 00007CA8                                 putloop:
    90 00007CA8 8A 04                           		MOV		AL,[SI]
    91 00007CAA 83 C6 01                        		ADD		SI,1		
    92 00007CAD 3C 00                           		CMP		AL,0
    93 00007CAF 0F 84 834D                      		JE		fin
      >> [ERROR #012] expression error.
    94 00007CB3 B4 0E                           		MOV		AH,0x0e			; 显示一个文字
    95 00007CB5 BB 000F                         		MOV		BX,15			; 指定字符颜色  
    96 00007CB8 CD 10                           		INT		0x10			; 调用显卡bios
    97 00007CBA EB EC                           		JMP		putloop
    98 00007CBC                                 msg:
    99 00007CBC 0A 0A                           		DB		0x0a, 0x0a		;换行
   100 00007CBE 6C 6F 61 64 20 65 72 72 6F 72   		DB		"load error"
   101 00007CC8 0A                              		DB		0x0a			;换行
   102 00007CC9 00                              		DB		0				;读到这里停止
   103 00007CCA                                 
   104 00007CCA 00 00 00 00 00 00 00 00 00 00   		RESB	0x7dfe-$	
       00007CD4 00 00 00 00 00 00 00 00 00 00 
       00007CDE 00 00 00 00 00 00 00 00 00 00 
       00007CE8 00 00 00 00 00 00 00 00 00 00 
       00007CF2 00 00 00 00 00 00 00 00 00 00 
       00007CFC 00 00 00 00 00 00 00 00 00 00 
       00007D06 00 00 00 00 00 00 00 00 00 00 
       00007D10 00 00 00 00 00 00 00 00 00 00 
       00007D1A 00 00 00 00 00 00 00 00 00 00 
       00007D24 00 00 00 00 00 00 00 00 00 00 
       00007D2E 00 00 00 00 00 00 00 00 00 00 
       00007D38 00 00 00 00 00 00 00 00 00 00 
       00007D42 00 00 00 00 00 00 00 00 00 00 
       00007D4C 00 00 00 00 00 00 00 00 00 00 
       00007D56 00 00 00 00 00 00 00 00 00 00 
       00007D60 00 00 00 00 00 00 00 00 00 00 
       00007D6A 00 00 00 00 00 00 00 00 00 00 
       00007D74 00 00 00 00 00 00 00 00 00 00 
       00007D7E 00 00 00 00 00 00 00 00 00 00 
       00007D88 00 00 00 00 00 00 00 00 00 00 
       00007D92 00 00 00 00 00 00 00 00 00 00 
       00007D9C 00 00 00 00 00 00 00 00 00 00 
       00007DA6 00 00 00 00 00 00 00 00 00 00 
       00007DB0 00 00 00 00 00 00 00 00 00 00 
       00007DBA 00 00 00 00 00 00 00 00 00 00 
       00007DC4 00 00 00 00 00 00 00 00 00 00 
       00007DCE 00 00 00 00 00 00 00 00 00 00 
       00007DD8 00 00 00 00 00 00 00 00 00 00 
       00007DE2 00 00 00 00 00 00 00 00 00 00 
       00007DEC 00 00 00 00 00 00 00 00 00 00 
       00007DF6 00 00 00 00 00 00 00 00 
   105 00007DFE                                 
   106 00007DFE 55 AA                           		DB		0x55, 0xaa 		;不清楚
